exports[`test props should contain an a record 1`] = `
<div
  className="dns-record">
  <div
    className="dns-record__aaaa-record">
    2607:f8b0:4009:811::2011
  </div>
</div>
`;
