// Jest Snapshot v1, https://goo.gl/fbAQLP

exports[`props should contain an caa record 1`] = `
<div
  className="dns-record"
>
  <div
    className="dns-record__caa-record"
  >
    pki.goog
  </div>
</div>
`;
