exports[`test props should contain a cname record 1`] = `
<div
  className="dns-record">
  <div
    className="dns-record__cname-record">
    golang.org.
  </div>
</div>
`;
