exports[`test props should contain an a record 1`] = `
<div
  className="dns-record">
  <div
    className="dns-record__mx-record">
    alt3.aspmx.l.google.com.
  </div>
  <div
    className="dns-record__preference">
    2
  </div>
</div>
`;
