exports[`test props should contain a list of TXT records 1`] = `
<div
  className="dns-record">
  <div
    className="dns-record__txt-record">
    txt1
  </div>
  <div
    className="dns-record__txt-record">
    txt2
  </div>
</div>
`;
