// Jest Snapshot v1, https://goo.gl/fbAQLP

exports[`it should render the component 1`] = `
<div
  className="dns-record"
>
  <div
    className="dns-record__a-record"
  >
    127.0.0.1
  </div>
</div>
`;

exports[`it should still render the component 1`] = `
<div
  className="dns-record"
>
  <div
    className="dns-record__a-record"
  >
    127.0.0.1
  </div>
</div>
`;
