// Jest Snapshot v1, https://goo.gl/fbAQLP

exports[`it should render the component 1`] = `
<form
  action="/api/v1/query"
  method="post"
  onSubmit={[Function]}
>
  <div
    className="row"
  >
    <div
      className="col-lg-4"
    >
      <input
        className="form-control"
        id="domain"
        onChange={[Function]}
        placeholder="What is the domain you want to check?"
        required={true}
        type="text"
        value="golang.org"
      />
    </div>
    <div
      className="col-lg-2"
    >
      <select
        className="form-control"
        onChange={[Function]}
        required={true}
        value="a"
      >
        <option
          value="a"
        >
          A
        </option>
        <option
          value="aaaa"
        >
          AAAA
        </option>
        <option
          value="caa"
        >
          CAA
        </option>
        <option
          value="cname"
        >
          CNAME
        </option>
        <option
          value="mx"
        >
          MX
        </option>
        <option
          value="ns"
        >
          NS
        </option>
        <option
          value="ptr"
        >
          PTR
        </option>
        <option
          value="soa"
        >
          SOA
        </option>
        <option
          value="srv"
        >
          SRV
        </option>
        <option
          value="txt"
        >
          TXT
        </option>
      </select>
    </div>
    <div
      className="col-lg-2"
    >
      <button
        className="btn btn-primary"
        disabled={false}
        type="submit"
      >
        <span
          className="glyphicon glyphicon-search"
        >
          Â 
        </span>
        <span>
          <span>
            Query a record for golang.org
          </span>
        </span>
      </button>
    </div>
  </div>
</form>
`;
