// Jest Snapshot v1, https://goo.gl/fbAQLP

exports[`it should render the component 1`] = `
<progress
  max={100}
  value={50}
/>
`;
